// Jest Snapshot v1, https://jestjs.io/docs/snapshot-testing

exports[`The reset password page renders as expected 1`] = `
<div>
  <div
    class="css-fonxus"
  >
    <div
      class="css-1bali29"
    >
      <div
        class="css-ak7bfn"
      >
        <img
          alt=""
          class="chakra-image css-qhs958"
          src="/static/STLogo.svg"
        />
      </div>
      <div
        class="chakra-card__root css-dlseva"
      >
        <div
          class="chakra-card__header css-cjdazw"
        >
          <div
            class="css-1ajh4q7"
          >
            <img
              alt=""
              class="chakra-image css-1a0lg1p"
              src="/static/icons/reset-password.png"
            />
          </div>
          <h2
            class="chakra-heading css-1868jki"
          >
            Reset Password
          </h2>
        </div>
        <div
          class="chakra-card__body css-11e8ur2"
        >
          <p
            class="css-1bh4ij0"
          >
            Enter your new password below to reset the password of your account.
          </p>
          <div
            class="chakra-field__root css-d8iglh"
            data-part="root"
            data-scope="field"
            id="field::_r_0_"
            role="group"
          >
            <label
              class="chakra-field__label css-65zcwe"
              data-part="label"
              data-scope="field"
              for="_r_0_"
              id="field::_r_0_::label"
            >
              New Password
            </label>
            <input
              class="chakra-input css-1yh82um"
              data-part="input"
              data-scope="field"
              id="password"
              name="password"
              placeholder="Password"
              type="password"
            />
          </div>
          <div
            class="chakra-field__root css-d8iglh"
            data-part="root"
            data-scope="field"
            id="field::_r_1_"
            role="group"
          >
            <label
              class="chakra-field__label css-65zcwe"
              data-part="label"
              data-scope="field"
              for="_r_1_"
              id="field::_r_1_::label"
            >
              Confirm New Password
            </label>
            <input
              class="chakra-input css-1yh82um"
              data-part="input"
              data-scope="field"
              id="confirmPassword"
              name="confirmPassword"
              placeholder="Password"
              type="password"
            />
          </div>
          <button
            class="chakra-button css-136zalh"
            disabled=""
            type="button"
          >
            <img
              alt=""
              class="chakra-image css-8kheo1"
              src="/static/icons/done-icon.png"
            />
            Reset password
          </button>
        </div>
      </div>
    </div>
  </div>
</div>
`;
