// Jest Snapshot v1, https://goo.gl/fbAQLP

exports[`The reset password page renders as expected 1`] = `
<div
  className="col col-login mx-auto"
>
  <div
    className="text-center mb-6"
  >
    <Logo
      setColor={true}
    />
  </div>
  <div
    className="card"
  >
    <div
      className="card-body"
    >
      <div
        className="card-title text-center"
      >
        Reset Password
      </div>
    </div>
    <div
      className="card-body p-6"
    >
      <p>
        Enter your new password below to reset the password of your account.
      </p>
      <div
        className="form-group"
      >
        <label
          className="form-label"
        >
          New Password
        </label>
        <input
          className="form-control"
          id="password"
          name="password"
          onChange={[Function]}
          placeholder="Password"
          type="password"
        />
      </div>
      <div
        className="form-group"
      >
        <label
          className="form-label"
        >
          Confirm New Password
        </label>
        <input
          className="form-control"
          id="confirmPassword"
          name="confirmPassword"
          onChange={[Function]}
          placeholder="Password"
          type="password"
        />
      </div>
      <div
        className="form-footer"
      >
        <button
          className="btn btn-primary btn-block "
          disabled={true}
          onClick={[Function]}
          type="button"
        >
          Reset password
        </button>
      </div>
    </div>
  </div>
</div>
`;
